// Jest Snapshot v1, https://goo.gl/fbAQLP

exports[`App View Component renders without crashing 1`] = `
<DocumentFragment>
  <div
    class="StyledBox-sc-13pk1d4-0 gbdqMx"
  >
    <header
      class="StyledBox-sc-13pk1d4-0 klPIBY"
      style="z-index: 1; min-height: 65px;"
    >
      <div
        class="StyledBox-sc-13pk1d4-0 dYebPD"
      >
        <img
          class="StyledImage-ey4zx9-0 inAlaK"
          src="logo.png"
          style="width: 100%; max-width: 170px; height: auto;"
        />
      </div>
    </header>
    <div
      class="StyledBox-sc-13pk1d4-0 gpQsRY"
    >
      <div
        class="StyledBox-sc-13pk1d4-0 kluzTJ"
      />
    </div>
  </div>
</DocumentFragment>
`;
